markm@Aletheia MINGW64 /d
$ cd DojoAssignments

markm@Aletheia MINGW64 /d/DojoAssignments
$ ls
iOS/  MEAN/  netCore/  Python/  Ruby/  WebFundamentals/

markm@Aletheia MINGW64 /d/DojoAssignments
$ cd WebFund*

markm@Aletheia MINGW64 /d/DojoAssignments/WebFundamentals
$ ls
about.txt  CSS/  Git/  HTML/  Javascript/

markm@Aletheia MINGW64 /d/DojoAssignments/WebFundamentals
$ cd Git

markm@Aletheia MINGW64 /d/DojoAssignments/WebFundamentals/Git
$ mkdir GitHubRepoAssignment

markm@Aletheia MINGW64 /d/DojoAssignments/WebFundamentals/Git
$ cd GitHub*

markm@Aletheia MINGW64 /d/DojoAssignments/WebFundamentals/Git/GitHubRepoAssignme                          nt
$ git init
Initialized empty Git repository in D:/DojoAssignments/WebFundamentals/Git/GitHu                          bRepoAssignment/.git/

markm@Aletheia MINGW64 /d/DojoAssignments/WebFundamentals/Git/GitHubRepoAssignme                          nt (master)
$ touch readme.md

markm@Aletheia MINGW64 /d/DojoAssignments/WebFundamentals/Git/GitHubRepoAssignment (master)
$ ls
readme.md

markm@Aletheia MINGW64 /d/DojoAssignments/WebFundamentals/Git/GitHubRepoAssignment (master)
$ git status
On branch master

No commits yet

Untracked files:
  (use "git add <file>..." to include in what will be committed)

        readme.md

nothing added to commit but untracked files present (use "git add" to track)

markm@Aletheia MINGW64 /d/DojoAssignments/WebFundamentals/Git/GitHubRepoAssignment (master)
$ git add .

markm@Aletheia MINGW64 /d/DojoAssignments/WebFundamentals/Git/GitHubRepoAssignment (master)
$ git commit -m "initial commit; added readme.md"
[master (root-commit) a7c8219] initial commit; added readme.md
 1 file changed, 0 insertions(+), 0 deletions(-)
 create mode 100644 readme.md

markm@Aletheia MINGW64 /d/DojoAssignments/WebFundamentals/Git/GitHubRepoAssignment (master)
$ git remote add origin https://github.com/markmatthewsphd/GitHubRepoAssignment.git

markm@Aletheia MINGW64 /d/DojoAssignments/WebFundamentals/Git/GitHubRepoAssignment (master)
$ git push -u origin master
Counting objects: 3, done.
Writing objects: 100% (3/3), 228 bytes | 228.00 KiB/s, done.
Total 3 (delta 0), reused 0 (delta 0)
To https://github.com/markmatthewsphd/GitHubRepoAssignment.git
 * [new branch]      master -> master
Branch 'master' set up to track remote branch 'master' from 'origin'.

markm@Aletheia MINGW64 /d/DojoAssignments/WebFundamentals/Git/GitHubRepoAssignment (master)
$ touch GetHubRepoAssignment.txt


